<html>
<body>
<pre>
<h1>µVision Build Log</h1>
<h2>Tool Versions:</h2>
IDE-Version: ¦ÌVision V5.37.0.0
Copyright (C) 2022 ARM Ltd and ARM Germany GmbH. All rights reserved.
License Information: Guan hg, Wuhan university, LIC=QF82M-X6NTB-MMW9I-TD0QP-LG29K-W17B7
 
Tool Versions:
Toolchain:       MDK-ARM Plus  Version: 5.37.0.0
Toolchain Path:  D:\Keil_v5\ARM\ARMCC\Bin
C Compiler:      Armcc.exe V5.06 update 7 (build 960)
Assembler:       Armasm.exe V5.06 update 7 (build 960)
Linker/Locator:  ArmLink.exe V5.06 update 7 (build 960)
Library Manager: ArmAr.exe V5.06 update 7 (build 960)
Hex Converter:   FromElf.exe V5.06 update 7 (build 960)
CPU DLL:         SARMCM3.DLL V5.37.0.0
Dialog DLL:      DCM.DLL V1.17.5.0
Target DLL:      STLink\ST-LINKIII-KEIL_SWO.dll V3.0.9.0
Dialog DLL:      TCM.DLL V1.56.1.0
 
<h2>Project:</h2>
D:\domnload\Practice\MDK-ARM\Practice.uvprojx
Project File Date:  08/12/2026

<h2>Output:</h2>
*** Using Compiler 'V5.06 update 7 (build 960)', folder: 'D:\Keil_v5\ARM\ARMCC\Bin'
Build target 'Practice'
compiling main.c...
..\IQR\Inc\UART_IQRHandler.h(7): warning:  #1295-D: Deprecated declaration UART_Start_Receive - give arg types
  void UART_Start_Receive();
..\IQR\Inc\UART_IQRHandler.h(9): warning:  #1-D: last line of file ends without a newline
  #endif
..\HDL\Inc\timer.h(25): warning:  #1-D: last line of file ends without a newline
  #endif
..\HDL\Inc\key.h(39): warning:  #1-D: last line of file ends without a newline
  #endif
../Core/Src/main.c(125): warning:  #223-D: function "led_off" declared implicitly
        led_off(3);
../Core/Src/main.c(127): warning:  #223-D: function "flowing_led_init" declared implicitly
        flowing_led_init();
../Core/Src/main.c(133): warning:  #223-D: function "led_off" declared implicitly
        led_off(1);
../Core/Src/main.c(135): warning:  #223-D: function "breathing_led_init" declared implicitly
        breathing_led_init();
../Core/Src/main.c(141): warning:  #223-D: function "flowing_led" declared implicitly
        flowing_led();
../Core/Src/main.c(145): warning:  #223-D: function "breathing_led" declared implicitly
        breathing_led();
../Core/Src/main.c(151): warning:  #223-D: function "memcpy" declared implicitly
      memcpy(tx_buffer,&s,sizeof(float));
../Core/Src/main.c: 11 warnings, 0 errors
linking...
Program Size: Code=11676 RO-data=488 RW-data=92 ZI-data=2236  
FromELF: creating hex file...
"Practice\Practice.axf" - 0 Error(s), 11 Warning(s).

<h2>Software Packages used:</h2>

Package Vendor: ARM
                https://www.keil.com/pack/ARM.CMSIS.6.1.0.pack
                ARM.CMSIS.6.1.0
                CMSIS (Common Microcontroller Software Interface Standard)
   * Component: CORE Version: 6.1.0

Package Vendor: Keil
                http://www.keil.com/pack/Keil.STM32F4xx_DFP.2.14.0.pack
                Keil.STM32F4xx_DFP.2.14.0
                STMicroelectronics STM32F4 Series Device Support, Drivers and Examples

<h2>Collection of Component include folders:</h2>
  ./RTE/_Practice
  C:/Users/hg/AppData/Local/Arm/Packs/ARM/CMSIS/6.1.0/CMSIS/Core/Include
  C:/Users/hg/AppData/Local/Arm/Packs/Keil/STM32F4xx_DFP/2.14.0/Drivers/CMSIS/Device/ST/STM32F4xx/Include

<h2>Collection of Component Files used:</h2>

   * Component: ARM::CMSIS:CORE:6.1.0
      Include file:  CMSIS/Core/Include/tz_context.h
Build Time Elapsed:  00:00:02
</pre>
</body>
</html>
